# serializer version: 1
# name: test_get_players
  dict({
    1: dict({
      'available': True,
      'control': <VolumeControlType.IR: 2>,
      'group_id': 2,
      'ip_address': '127.0.0.1',
      'is_muted': False,
      'line_out': <LineOutLevelType.FIXED: 2>,
      'model': 'HEOS Drive',
      'name': 'Back Patio',
      'network': <NetworkType.WIRED: 'wired'>,
      'now_playing_media': dict({
        'album': 'Album',
        'album_id': '123456',
        'artist': 'Artist',
        'current_position': None,
        'current_position_updated': None,
        'duration': None,
        'image_url': 'http://cont-5.p-cdn.us/images/public/int/6/1/1/9/050087149116_500W_500H.jpg',
        'media_id': '4256592506324148495',
        'options': list([
          dict({
            'context': 'play',
            'id': 11,
            'name': 'Thumbs Up',
          }),
          dict({
            'context': 'play',
            'id': 12,
            'name': 'Thumbs Down',
          }),
          dict({
            'context': 'play',
            'id': 19,
            'name': 'Add to HEOS Favorites',
          }),
        ]),
        'queue_id': 1,
        'song': "Disney (Children's) Radio",
        'source_id': 13,
        'station': "Disney (Children's) Radio",
        'supported_controls': list([
          <ControlType.PLAY: 'play'>,
          <ControlType.PAUSE: 'pause'>,
          <ControlType.STOP: 'stop'>,
          <ControlType.PLAY_NEXT: 'play_next'>,
          <ControlType.PLAY_PREVIOUS: 'play_previous'>,
        ]),
        'type': 'station',
      }),
      'playback_error': None,
      'player_id': 1,
      'repeat': <RepeatType.OFF: 'off'>,
      'serial': 'B1A2C3K',
      'shuffle': False,
      'state': <PlayState.STOP: 'stop'>,
      'version': '1.493.180',
      'volume': 36,
    }),
    2: dict({
      'available': True,
      'control': <VolumeControlType.UNKNOWN: 0>,
      'group_id': 2,
      'ip_address': '127.0.0.2',
      'is_muted': False,
      'line_out': <LineOutLevelType.VARIABLE: 1>,
      'model': 'HEOS Drive',
      'name': 'Front Porch',
      'network': <NetworkType.WIFI: 'wifi'>,
      'now_playing_media': dict({
        'album': 'Album',
        'album_id': '123456',
        'artist': 'Artist',
        'current_position': None,
        'current_position_updated': None,
        'duration': None,
        'image_url': 'http://cont-5.p-cdn.us/images/public/int/6/1/1/9/050087149116_500W_500H.jpg',
        'media_id': '4256592506324148495',
        'options': list([
          dict({
            'context': 'play',
            'id': 11,
            'name': 'Thumbs Up',
          }),
          dict({
            'context': 'play',
            'id': 12,
            'name': 'Thumbs Down',
          }),
          dict({
            'context': 'play',
            'id': 19,
            'name': 'Add to HEOS Favorites',
          }),
        ]),
        'queue_id': 1,
        'song': "Disney (Children's) Radio",
        'source_id': 13,
        'station': "Disney (Children's) Radio",
        'supported_controls': list([
          <ControlType.PLAY: 'play'>,
          <ControlType.PAUSE: 'pause'>,
          <ControlType.STOP: 'stop'>,
          <ControlType.PLAY_NEXT: 'play_next'>,
          <ControlType.PLAY_PREVIOUS: 'play_previous'>,
        ]),
        'type': 'station',
      }),
      'playback_error': None,
      'player_id': 2,
      'repeat': <RepeatType.OFF: 'off'>,
      'serial': None,
      'shuffle': False,
      'state': <PlayState.STOP: 'stop'>,
      'version': '1.493.180',
      'volume': 36,
    }),
  })
# ---
