# serializer version: 1
# name: test_system_preferred_hosts
  dict({
    'connected_to_preferred_host': False,
    'host': dict({
      'ip_address': None,
      'model': 'model',
      'name': 'name15',
      'network': <NetworkType.WIFI: 'wifi'>,
      'preferred_host': False,
      'serial': None,
      'supported_version': False,
      'version': '1.0.0',
    }),
    'hosts': list([
      dict({
        'ip_address': '127.0.0.0',
        'model': 'model',
        'name': 'name0',
        'network': <NetworkType.WIRED: 'wired'>,
        'preferred_host': True,
        'serial': 'serial',
        'supported_version': True,
        'version': '1.0.0',
      }),
      dict({
        'ip_address': '127.0.0.1',
        'model': 'model',
        'name': 'name1',
        'network': <NetworkType.WIRED: 'wired'>,
        'preferred_host': False,
        'serial': 'serial',
        'supported_version': False,
        'version': '1.0.0',
      }),
      dict({
        'ip_address': '127.0.0.2',
        'model': 'model',
        'name': 'name2',
        'network': <NetworkType.WIFI: 'wifi'>,
        'preferred_host': False,
        'serial': 'serial',
        'supported_version': True,
        'version': '1.0.0',
      }),
      dict({
        'ip_address': '127.0.0.3',
        'model': 'model',
        'name': 'name3',
        'network': <NetworkType.WIFI: 'wifi'>,
        'preferred_host': False,
        'serial': 'serial',
        'supported_version': False,
        'version': '1.0.0',
      }),
      dict({
        'ip_address': '127.0.0.8',
        'model': 'model',
        'name': 'name8',
        'network': <NetworkType.WIRED: 'wired'>,
        'preferred_host': True,
        'serial': None,
        'supported_version': True,
        'version': '1.0.0',
      }),
      dict({
        'ip_address': '127.0.0.9',
        'model': 'model',
        'name': 'name9',
        'network': <NetworkType.WIRED: 'wired'>,
        'preferred_host': False,
        'serial': None,
        'supported_version': False,
        'version': '1.0.0',
      }),
      dict({
        'ip_address': '127.0.0.10',
        'model': 'model',
        'name': 'name10',
        'network': <NetworkType.WIFI: 'wifi'>,
        'preferred_host': False,
        'serial': None,
        'supported_version': True,
        'version': '1.0.0',
      }),
      dict({
        'ip_address': '127.0.0.11',
        'model': 'model',
        'name': 'name11',
        'network': <NetworkType.WIFI: 'wifi'>,
        'preferred_host': False,
        'serial': None,
        'supported_version': False,
        'version': '1.0.0',
      }),
      dict({
        'ip_address': None,
        'model': 'model',
        'name': 'name15',
        'network': <NetworkType.WIFI: 'wifi'>,
        'preferred_host': False,
        'serial': None,
        'supported_version': False,
        'version': '1.0.0',
      }),
      dict({
        'ip_address': None,
        'model': 'model',
        'name': 'name14',
        'network': <NetworkType.WIFI: 'wifi'>,
        'preferred_host': False,
        'serial': None,
        'supported_version': True,
        'version': '1.0.0',
      }),
      dict({
        'ip_address': None,
        'model': 'model',
        'name': 'name13',
        'network': <NetworkType.WIRED: 'wired'>,
        'preferred_host': False,
        'serial': None,
        'supported_version': False,
        'version': '1.0.0',
      }),
      dict({
        'ip_address': None,
        'model': 'model',
        'name': 'name12',
        'network': <NetworkType.WIRED: 'wired'>,
        'preferred_host': False,
        'serial': None,
        'supported_version': True,
        'version': '1.0.0',
      }),
      dict({
        'ip_address': None,
        'model': 'model',
        'name': 'name7',
        'network': <NetworkType.WIFI: 'wifi'>,
        'preferred_host': False,
        'serial': 'serial',
        'supported_version': False,
        'version': '1.0.0',
      }),
      dict({
        'ip_address': None,
        'model': 'model',
        'name': 'name6',
        'network': <NetworkType.WIFI: 'wifi'>,
        'preferred_host': False,
        'serial': 'serial',
        'supported_version': True,
        'version': '1.0.0',
      }),
      dict({
        'ip_address': None,
        'model': 'model',
        'name': 'name5',
        'network': <NetworkType.WIRED: 'wired'>,
        'preferred_host': False,
        'serial': 'serial',
        'supported_version': False,
        'version': '1.0.0',
      }),
      dict({
        'ip_address': None,
        'model': 'model',
        'name': 'name4',
        'network': <NetworkType.WIRED: 'wired'>,
        'preferred_host': False,
        'serial': 'serial',
        'supported_version': True,
        'version': '1.0.0',
      }),
    ]),
    'is_signed_in': True,
    'preferred_hosts': list([
      dict({
        'ip_address': '127.0.0.0',
        'model': 'model',
        'name': 'name0',
        'network': <NetworkType.WIRED: 'wired'>,
        'preferred_host': True,
        'serial': 'serial',
        'supported_version': True,
        'version': '1.0.0',
      }),
      dict({
        'ip_address': '127.0.0.8',
        'model': 'model',
        'name': 'name8',
        'network': <NetworkType.WIRED: 'wired'>,
        'preferred_host': True,
        'serial': None,
        'supported_version': True,
        'version': '1.0.0',
      }),
    ]),
    'signed_in_username': 'username',
  })
# ---
